D:\VScode_project\CGCNN\cgcnn-master\cgcnn-master\main.py:120: UserWarning: Dataset has less than 500 data points. Lower accuracy is expected. 
  warnings.warn('Dataset has less than 500 data points. '
D:\Miniconda\miniconda\envs\cgcnn\lib\site-packages\pymatgen\core\structure.py:3109: UserWarning: Issues encountered while parsing CIF: 8 fractional coordinates rounded to ideal values to avoid issues with finite precision.
  struct = parser.parse_structures(primitive=primitive)[0]
D:\Miniconda\miniconda\envs\cgcnn\lib\site-packages\pymatgen\core\structure.py:3109: UserWarning: Issues encountered while parsing CIF: 12 fractional coordinates rounded to ideal values to avoid issues with finite precision.
  struct = parser.parse_structures(primitive=primitive)[0]
D:\Miniconda\miniconda\envs\cgcnn\lib\site-packages\pymatgen\core\structure.py:3109: UserWarning: Issues encountered while parsing CIF: 4 fractional coordinates rounded to ideal values to avoid issues with finite precision.
  struct = parser.parse_structures(primitive=primitive)[0]
Epoch: [0][0/2]	Time 0.462 (0.462)	Data 0.026 (0.026)	Loss 1.3642 (1.3642)	MAE 0.949 (0.949)
Epoch: [0][1/2]	Time 0.015 (0.238)	Data 0.001 (0.014)	Loss 2.7807 (1.9308)	MAE 1.616 (1.216)
Test: [0/1]	Time 0.007 (0.007)	Loss 16.3622 (16.3622)	MAE 4.506 (4.506)
 * MAE 4.506
Epoch: [1][0/2]	Time 0.011 (0.011)	Data 0.001 (0.001)	Loss 1.3934 (1.3934)	MAE 0.765 (0.765)
Epoch: [1][1/2]	Time 0.009 (0.010)	Data 0.000 (0.000)	Loss 3.2417 (2.1327)	MAE 1.601 (1.099)
Test: [0/1]	Time 0.003 (0.003)	Loss 6.8418 (6.8418)	MAE 2.813 (2.813)
 * MAE 2.813
Epoch: [2][0/2]	Time 0.011 (0.011)	Data 0.001 (0.001)	Loss 1.2619 (1.2619)	MAE 0.931 (0.931)
Epoch: [2][1/2]	Time 0.010 (0.010)	Data 0.001 (0.001)	Loss 1.6513 (1.4177)	MAE 1.323 (1.088)
Test: [0/1]	Time 0.005 (0.005)	Loss 2.7206 (2.7206)	MAE 1.491 (1.491)
 * MAE 1.491
Epoch: [3][0/2]	Time 0.011 (0.011)	Data 0.001 (0.001)	Loss 0.4373 (0.4373)	MAE 0.632 (0.632)
Epoch: [3][1/2]	Time 0.009 (0.010)	Data 0.000 (0.001)	Loss 2.5973 (1.3013)	MAE 1.423 (0.948)
Test: [0/1]	Time 0.004 (0.004)	Loss 0.5485 (0.5485)	MAE 0.681 (0.681)
 * MAE 0.681
Epoch: [4][0/2]	Time 0.009 (0.009)	Data 0.001 (0.001)	Loss 1.0961 (1.0961)	MAE 0.919 (0.919)
Epoch: [4][1/2]	Time 0.010 (0.009)	Data 0.001 (0.001)	Loss 1.1577 (1.1208)	MAE 1.037 (0.966)
Test: [0/1]	Time 0.004 (0.004)	Loss 1.5793 (1.5793)	MAE 1.302 (1.302)
 * MAE 1.302
Epoch: [5][0/2]	Time 0.009 (0.009)	Data 0.001 (0.001)	Loss 0.1382 (0.1382)	MAE 0.312 (0.312)
Epoch: [5][1/2]	Time 0.011 (0.010)	Data 0.000 (0.000)	Loss 2.4763 (1.0734)	MAE 1.502 (0.788)
Test: [0/1]	Time 0.005 (0.005)	Loss 1.4111 (1.4111)	MAE 1.067 (1.067)
 * MAE 1.067
Epoch: [6][0/2]	Time 0.010 (0.010)	Data 0.001 (0.001)	Loss 0.6014 (0.6014)	MAE 0.819 (0.819)
Epoch: [6][1/2]	Time 0.009 (0.010)	Data 0.001 (0.001)	Loss 0.3634 (0.5062)	MAE 0.586 (0.726)
Test: [0/1]	Time 0.004 (0.004)	Loss 1.8813 (1.8813)	MAE 1.372 (1.372)
 * MAE 1.372
Epoch: [7][0/2]	Time 0.010 (0.010)	Data 0.001 (0.001)	Loss 0.6733 (0.6733)	MAE 0.827 (0.827)
Epoch: [7][1/2]	Time 0.008 (0.009)	Data 0.000 (0.001)	Loss 1.7566 (1.1066)	MAE 1.211 (0.981)
Test: [0/1]	Time 0.003 (0.003)	Loss 1.3868 (1.3868)	MAE 1.162 (1.162)
 * MAE 1.162
Epoch: [8][0/2]	Time 0.009 (0.009)	Data 0.001 (0.001)	Loss 1.1294 (1.1294)	MAE 0.833 (0.833)
Epoch: [8][1/2]	Time 0.009 (0.009)	Data 0.001 (0.001)	Loss 0.3879 (0.8328)	MAE 0.568 (0.727)
Test: [0/1]	Time 0.003 (0.003)	Loss 0.5253 (0.5253)	MAE 0.613 (0.613)
 * MAE 0.613
Epoch: [9][0/2]	Time 0.010 (0.010)	Data 0.001 (0.001)	Loss 0.5120 (0.5120)	MAE 0.664 (0.664)
Epoch: [9][1/2]	Time 0.008 (0.009)	Data 0.000 (0.001)	Loss 0.4387 (0.4826)	MAE 0.522 (0.607)
Test: [0/1]	Time 0.004 (0.004)	Loss 0.7731 (0.7731)	MAE 0.789 (0.789)
 * MAE 0.789
Epoch: [10][0/2]	Time 0.011 (0.011)	Data 0.001 (0.001)	Loss 0.3465 (0.3465)	MAE 0.525 (0.525)
Epoch: [10][1/2]	Time 0.010 (0.010)	Data 0.000 (0.000)	Loss 0.9923 (0.6048)	MAE 0.837 (0.650)
Test: [0/1]	Time 0.004 (0.004)	Loss 1.1097 (1.1097)	MAE 0.933 (0.933)
 * MAE 0.933
Epoch: [11][0/2]	Time 0.009 (0.009)	Data 0.001 (0.001)	Loss 0.4304 (0.4304)	MAE 0.641 (0.641)
Epoch: [11][1/2]	Time 0.010 (0.009)	Data 0.000 (0.001)	Loss 0.6157 (0.5045)	MAE 0.674 (0.654)
Test: [0/1]	Time 0.004 (0.004)	Loss 1.4757 (1.4757)	MAE 0.999 (0.999)
 * MAE 0.999
Epoch: [12][0/2]	Time 0.010 (0.010)	Data 0.000 (0.000)	Loss 0.5795 (0.5795)	MAE 0.701 (0.701)
Epoch: [12][1/2]	Time 0.009 (0.009)	Data 0.000 (0.000)	Loss 0.3890 (0.5033)	MAE 0.573 (0.650)
Test: [0/1]	Time 0.004 (0.004)	Loss 1.7087 (1.7087)	MAE 1.165 (1.165)
 * MAE 1.165
Epoch: [13][0/2]	Time 0.010 (0.010)	Data 0.001 (0.001)	Loss 0.5611 (0.5611)	MAE 0.722 (0.722)
Epoch: [13][1/2]	Time 0.008 (0.009)	Data 0.000 (0.000)	Loss 2.2259 (1.2270)	MAE 1.505 (1.035)
Test: [0/1]	Time 0.004 (0.004)	Loss 1.2832 (1.2832)	MAE 0.962 (0.962)
 * MAE 0.962
Epoch: [14][0/2]	Time 0.011 (0.011)	Data 0.001 (0.001)	Loss 0.5731 (0.5731)	MAE 0.706 (0.706)
Epoch: [14][1/2]	Time 0.009 (0.010)	Data 0.000 (0.000)	Loss 0.2792 (0.4555)	MAE 0.417 (0.590)
Test: [0/1]	Time 0.005 (0.005)	Loss 0.7893 (0.7893)	MAE 0.720 (0.720)
 * MAE 0.720
Epoch: [15][0/2]	Time 0.009 (0.009)	Data 0.000 (0.000)	Loss 0.2948 (0.2948)	MAE 0.457 (0.457)
Epoch: [15][1/2]	Time 0.010 (0.010)	Data 0.001 (0.001)	Loss 0.6072 (0.4198)	MAE 0.674 (0.544)
Test: [0/1]	Time 0.004 (0.004)	Loss 0.6789 (0.6789)	MAE 0.710 (0.710)
 * MAE 0.710
Epoch: [16][0/2]	Time 0.009 (0.009)	Data 0.000 (0.000)	Loss 0.5223 (0.5223)	MAE 0.689 (0.689)
Epoch: [16][1/2]	Time 0.010 (0.009)	Data 0.001 (0.000)	Loss 0.3624 (0.4583)	MAE 0.519 (0.621)
Test: [0/1]	Time 0.005 (0.005)	Loss 0.7398 (0.7398)	MAE 0.776 (0.776)
 * MAE 0.776
Epoch: [17][0/2]	Time 0.011 (0.011)	Data 0.001 (0.001)	Loss 0.8251 (0.8251)	MAE 0.847 (0.847)
Epoch: [17][1/2]	Time 0.008 (0.010)	Data 0.000 (0.001)	Loss 0.4302 (0.6671)	MAE 0.500 (0.708)
Test: [0/1]	Time 0.004 (0.004)	Loss 0.7797 (0.7797)	MAE 0.786 (0.786)
 * MAE 0.786
Epoch: [18][0/2]	Time 0.015 (0.015)	Data 0.001 (0.001)	Loss 0.6497 (0.6497)	MAE 0.730 (0.730)
Epoch: [18][1/2]	Time 0.008 (0.011)	Data 0.000 (0.001)	Loss 0.1644 (0.4556)	MAE 0.409 (0.602)
Test: [0/1]	Time 0.005 (0.005)	Loss 0.8537 (0.8537)	MAE 0.778 (0.778)
 * MAE 0.778
Epoch: [19][0/2]	Time 0.009 (0.009)	Data 0.001 (0.001)	Loss 0.5318 (0.5318)	MAE 0.699 (0.699)
Epoch: [19][1/2]	Time 0.010 (0.010)	Data 0.001 (0.001)	Loss 0.2345 (0.4129)	MAE 0.502 (0.620)
Test: [0/1]	Time 0.004 (0.004)	Loss 0.9189 (0.9189)	MAE 0.740 (0.740)
 * MAE 0.740
Epoch: [20][0/2]	Time 0.009 (0.009)	Data 0.000 (0.000)	Loss 0.1734 (0.1734)	MAE 0.385 (0.385)
Epoch: [20][1/2]	Time 0.009 (0.009)	Data 0.000 (0.000)	Loss 0.9425 (0.4810)	MAE 0.846 (0.569)
Test: [0/1]	Time 0.005 (0.005)	Loss 0.9033 (0.9033)	MAE 0.762 (0.762)
 * MAE 0.762
Epoch: [21][0/2]	Time 0.009 (0.009)	Data 0.001 (0.001)	Loss 0.2244 (0.2244)	MAE 0.400 (0.400)
Epoch: [21][1/2]	Time 0.010 (0.009)	Data 0.001 (0.001)	Loss 0.5228 (0.3438)	MAE 0.780 (0.552)
Test: [0/1]	Time 0.004 (0.004)	Loss 0.9166 (0.9166)	MAE 0.741 (0.741)
 * MAE 0.741
Epoch: [22][0/2]	Time 0.010 (0.010)	Data 0.001 (0.001)	Loss 0.3532 (0.3532)	MAE 0.500 (0.500)
Epoch: [22][1/2]	Time 0.009 (0.010)	Data 0.001 (0.001)	Loss 0.4278 (0.3831)	MAE 0.708 (0.583)
Test: [0/1]	Time 0.004 (0.004)	Loss 0.8543 (0.8543)	MAE 0.751 (0.751)
 * MAE 0.751
Epoch: [23][0/2]	Time 0.008 (0.008)	Data 0.000 (0.000)	Loss 0.3161 (0.3161)	MAE 0.516 (0.516)
Epoch: [23][1/2]	Time 0.009 (0.009)	Data 0.001 (0.001)	Loss 0.0848 (0.2236)	MAE 0.269 (0.417)
Test: [0/1]	Time 0.003 (0.003)	Loss 0.7847 (0.7847)	MAE 0.770 (0.770)
 * MAE 0.770
Epoch: [24][0/2]	Time 0.010 (0.010)	Data 0.001 (0.001)	Loss 0.2044 (0.2044)	MAE 0.343 (0.343)
Epoch: [24][1/2]	Time 0.008 (0.009)	Data 0.000 (0.001)	Loss 0.5762 (0.3531)	MAE 0.690 (0.482)
Test: [0/1]	Time 0.004 (0.004)	Loss 0.7151 (0.7151)	MAE 0.753 (0.753)
 * MAE 0.753
Epoch: [25][0/2]	Time 0.009 (0.009)	Data 0.000 (0.000)	Loss 0.1346 (0.1346)	MAE 0.332 (0.332)
Epoch: [25][1/2]	Time 0.010 (0.010)	Data 0.000 (0.000)	Loss 0.2320 (0.1736)	MAE 0.368 (0.346)
Test: [0/1]	Time 0.004 (0.004)	Loss 0.6666 (0.6666)	MAE 0.720 (0.720)
 * MAE 0.720
Epoch: [26][0/2]	Time 0.010 (0.010)	Data 0.001 (0.001)	Loss 0.1425 (0.1425)	MAE 0.277 (0.277)
Epoch: [26][1/2]	Time 0.009 (0.010)	Data 0.001 (0.001)	Loss 0.4415 (0.2621)	MAE 0.556 (0.389)
Test: [0/1]	Time 0.004 (0.004)	Loss 0.6764 (0.6764)	MAE 0.686 (0.686)
 * MAE 0.686
Epoch: [27][0/2]	Time 0.009 (0.009)	Data 0.000 (0.000)	Loss 0.1716 (0.1716)	MAE 0.383 (0.383)
Epoch: [27][1/2]	Time 0.009 (0.009)	Data 0.001 (0.000)	Loss 0.5156 (0.3092)	MAE 0.650 (0.490)
Test: [0/1]	Time 0.005 (0.005)	Loss 0.6991 (0.6991)	MAE 0.687 (0.687)
 * MAE 0.687
Epoch: [28][0/2]	Time 0.009 (0.009)	Data 0.001 (0.001)	Loss 0.1728 (0.1728)	MAE 0.350 (0.350)
Epoch: [28][1/2]	Time 0.008 (0.008)	Data 0.000 (0.001)	Loss 0.3529 (0.2448)	MAE 0.598 (0.449)
Test: [0/1]	Time 0.004 (0.004)	Loss 0.7397 (0.7397)	MAE 0.699 (0.699)
 * MAE 0.699
Epoch: [29][0/2]	Time 0.008 (0.008)	Data 0.000 (0.000)	Loss 0.0843 (0.0843)	MAE 0.259 (0.259)
Epoch: [29][1/2]	Time 0.009 (0.009)	Data 0.000 (0.000)	Loss 0.0606 (0.0748)	MAE 0.222 (0.244)
Test: [0/1]	Time 0.005 (0.005)	Loss 0.8920 (0.8920)	MAE 0.789 (0.789)
 * MAE 0.789
---------Evaluate Model on Test Set---------------
Test: [0/1]	Time 0.007 (0.007)	Loss 0.3557 (0.3557)	MAE 0.568 (0.568)
 ** MAE 0.568
